// Jest Snapshot v1, https://goo.gl/fbAQLP

exports[`should render Header component correctly 1`] = `
<header>
  <h1>
    Expensify App
  </h1>
  <NavLink
    activeClassName="is-active"
    ariaCurrent="true"
    to="/dashboard"
  >
    Dashboard
  </NavLink>
  <span>
     
  </span>
  <NavLink
    activeClassName="is-active"
    ariaCurrent="true"
    to="/create"
  >
    Create Expense
  </NavLink>
  <button>
    Logout
  </button>
</header>
`;
